env: load .env
env: export EXPO_PUBLIC_SUPABASE_URL EXPO_PUBLIC_SUPABASE_ANON_KEY EXPO_PUBLIC_REVENUECAT_IOS_KEY
› Planning build

› 0 error(s), and 0 warning(s)

CommandError: Failed to build iOS project. "xcodebuild" exited with error code 70.
To view more error logs, try building the app with Xcode directly, by opening /Users/kennethbosworth/bitcoin-alpha-clean/ios/BitcoinAlpha.xcworkspace.

Command line invocation:
    /Applications/Xcode.app/Contents/Developer/usr/bin/xcodebuild -workspace /Users/kennethbosworth/bitcoin-alpha-clean/ios/BitcoinAlpha.xcworkspace -configuration Debug -scheme BitcoinAlpha -destination id=5B15972E-E6CE-40C2-B428-26E2CFE4D375 clean build



2025-11-21 10:09:26.408 xcodebuild[79051:9701428] Writing error result bundle to /var/folders/md/_wnkdtrj4zx3xt6t0v1bwt5r0000gn/T/ResultBundle_2025-21-11_10-09-0026.xcresult
xcodebuild: error: Unable to find a destination matching the provided destination specifier:
		{ id:5B15972E-E6CE-40C2-B428-26E2CFE4D375 }

	Available destinations for the "BitcoinAlpha" scheme:
		{ platform:macOS, arch:arm64, variant:Designed for [iPad,iPhone], id:00006001-001071611E03401E, name:My Mac }
		{ platform:iOS, id:dvtdevice-DVTiPhonePlaceholder-iphoneos:placeholder, name:Any iOS Device }
		{ platform:iOS Simulator, id:dvtdevice-DVTiOSDeviceSimulatorPlaceholder-iphonesimulator:placeholder, name:Any iOS Simulator Device }
		{ platform:iOS Simulator, arch:arm64, id:E687BC5E-28CC-45F3-AEE9-A00E9BDB90C0, OS:26.1, name:iPad (A16) }
		{ platform:iOS Simulator, arch:arm64, id:048C3C19-7723-49F9-961E-B3E4E2A01634, OS:26.1, name:iPad Air 11-inch (M3) }
		{ platform:iOS Simulator, arch:arm64, id:6292D877-AB33-44D1-B4A0-30A9962F05CB, OS:26.1, name:iPad Air 13-inch (M3) }
		{ platform:iOS Simulator, arch:arm64, id:A3D3531A-551F-423A-A5A1-410B16EDA897, OS:26.1, name:iPad Pro 11-inch (M5) }
		{ platform:iOS Simulator, arch:arm64, id:D3406DBF-E610-460D-B0C9-E61C982DF81B, OS:26.1, name:iPad Pro 13-inch (M5) }
		{ platform:iOS Simulator, arch:arm64, id:47AE5E53-49DE-4F1C-9E2E-076A9CC87C09, OS:26.1, name:iPad mini (A17 Pro) }
		{ platform:iOS Simulator, arch:arm64, id:F17E92C1-F354-461D-A1E9-C5AECC04FADA, OS:26.1, name:iPhone 16e }
		{ platform:iOS Simulator, arch:arm64, id:40614980-BA75-40AB-9B47-205A8A5B43FF, OS:26.1, name:iPhone 17 }
		{ platform:iOS Simulator, arch:arm64, id:66E3FF5F-786A-4073-BC14-8FF7C5477B5A, OS:26.1, name:iPhone 17 Pro }
		{ platform:iOS Simulator, arch:arm64, id:9AE6CE88-802B-47D6-BA75-2B5B3174FD28, OS:26.1, name:iPhone 17 Pro Max }
		{ platform:iOS Simulator, arch:arm64, id:9C9EEDDB-467F-4BB4-8FA7-779D10106B6B, OS:26.1, name:iPhone Air }
Build logs written to /Users/kennethbosworth/bitcoin-alpha-clean/.expo/xcodebuild.log
